50
50
PPPPPPPPPPPPPPPPPPPPPPPPPPPPPPPPPPPPPPPPPPPPPPPPPP
PPPPPPPPPPPPPPPPPPPPPPPPPPPPPPPPPPPPPPPPPPPPPPPPPP
PPPPPPPPPPPPPPPPPPPPPPPPPPPPPPPPPPPPPPPPPPPPPPPPPP
PPPTTTTTTAATTTTTTTTTTTTTTTTTTMMMMMMMMMMSSSSSSSSPPP
PPPTTTTTAAATTTTTTTTTTTTTTTTMMMMSSSSSSSSSSSSSMMSPPP
PPPTTTTTAATTTTTTTTTTTTTTTTMMMMMSSSSSMSMMMSMMMMSPPP
PPPTTTTAATTTTTTTTTTTTTTTMMMMMSSSMSMSMSMSSSMSSMSPPP
PPPTTTTAATTTTTTTTTTTTMMMMMMMSSMMMSMSMSMSMMMSSMSPPP
PPPTTTTAATTTTTTTTTTTMMMMMMSSSSMSSSMSMSMSSSSSMMSPPP
PPPTTTAAATTTTTTTTTTMMMMMSSSSMSMSMMMSMMMMMMMMMMSPPP
PPPTTAATTTTTTTTTTMMMMMMSSSSSMSMSMSMSSSSSSSMSSMSPPP
PPPTAAATTTTTTTTTMMMMMSSSMMMSMSMSMSMMMMMMMSMSSMSPPP
PPPAAATTTTTTTTTMMMMMSSSSMSSSMSMSSSMSSSMSSSMSSMSPPP
PPPAATTTTTTTTTMMMMMSSSSSMMMSMSMMMTTTTTMSMSSSMMSPPP
PPPATTTTTTTTTMMMMSSSSSSSSSMSMSSSMTTTTTMSMSMSTTSPPP
PPPTTTTTTTTTTMMMMSSSMMSSSSMMMSMMMTSSSTMSMMMMTTSPPP
PPPTTTTTTTTTMMMMSSSSMMMSSSSMMSSSSSSTSSSSSSSSSMSPPP
PPPTTTTTTTTMMMMSSSMMMMMSSSSSMSMSMTSSSTMMMMMMMMSPPP
PPPTTTTTTTMMMMSSSSMSSSMSSSSSMSMSSTTTTTSSMSSSSMSPPP
PPPTTTTTTMMMMSSSBBMSMSMSSSSSSMMSMTTTTTMSMSMMMMSPPP
PPPTTTTTMMMMSSSBBBMSMSMSSSSSSMMSSSSSSSMSMSMSSSSPPP
PPPTTTTTMMMSSSBBBSMSMSMSSSSSSSMMMSMSMMMSMSMSBBSPPP
PPPTTTTTMMMSSSBBKSSSMSMMSSSSSSSMMSSSMSSSMSSBBBSPPP
PPPTTTMMMMSSSMMMMMMMMSMMMSSSSSSSMSMSMSMMMSBBBBSPPP
PPPTTTMMMSSSMSSSMSSSMSSSMMSSSSSSMMMSMSSSMSBBBSSPPP
PPPTTTMMMSSSMSMSMSMSMSMMMMTTSSSSSSMSMSMSMSBBBSBPPP
PPPTTMMMSSSSSSMSMSMSSSMSSSTTTSSSSSMSSSMSMSBBBSBPPP
PPPTTMMSSSMMMMMSMSMMMMMSMMTTTSSSSSMMMMMSSSBBBSSPPP
PPPTMMMSSSMSSSMSSSMSSSSSMSMSMSSSSSSMSSSSSSBBBBSPPP
PPPTMSSSSSMMMSMMMMMMMMMSMSMSMMSSSSSMMSMMMSSBBBSPPP
PPPTMSSSMSSSSSSSSSSSMSSSMSSSMTTSSSSSSSMMSSSSBBSPPP
PPPTSSSMMMMAAAAAMMMSMSMMMMMSMTTSSSSSSSSMMMMSSSSPPP
PPPSKSSMMMMAAAAASSSSMSSSSSMSSSSMSSSSSSSMMSSSMSSPPP
PPPSKSSSSSMMMMMDMMMSMSMMMSMMMMMSSSSSSSSMMSMSMMSPPP
PPPDDSSSSSSSSMMSMSSSMSSSMSSSMSSSMMSSSSSSMMMSSMSPPP
PPPMSSSSSSSSSSMMMSMSMMMBBBBBBSMSSSMSSSSSSMMSMMSPPP
PPPSSSMMMMMSSSSSMMMMMSBBBBBBBBMSMSMSSSSSSSMSSMSPPP
PPPSSSMSMMMMMMMSSSSMMBBBBAABBBBSSMMMSSSSSSMMSMSPPP
PPPSSSSSMSSSMSMMSSSSSSSBSAASBBBMSSSMMSSSSSSMMMSPPP
PPPSSMMMMSMSMSMMMMMSSSSSSBBSSBBMMMSSMMSSSSSSSMSPPP
PPPSSSSSMSMSSSSSSSMSSBBSSBBSSSSSSMMSSSMSSSSSSSSPPP
PPPSSSMSMSMMMSMMMSMMSBBBSSSSBSSSSMMMMSSMSSSSSSSPPP
PPPSSSMSSSMSSSMSSSMSSBBBBBBBBBBSSSSSMMMMSSSSSSSPPP
PPPSSMMMMMMMMSMSMMMMMSBBBBBBBBMXXSSSSSSSSSSDDSSPPP
PPPSSSMSSSSSSSMSMSSSSSSBBBBBBSMXXMMMMSSSSSSDDSSPPP
PPPSSSMSMSMMMSMSMMMSMMMMMSSSMSMSMMMMMMSSSSSSSSSPPP
PPPSSSMSMSMSSSMSSSSSMSSSSSSSSSMSSSBBBMMSSSSSSSXPPP
PPPPPPPPPPPPPPPPPPPPPPPPPPPPPPPPPPPPPPPPPPPPPPPPPP
PPPPPPPPPPPPPPPPPPPPPPPPPPPPPPPPPPPPPPPPPPPPPPPPPP
PPPPPPPPPPPPPPPPPPPPPPPPPPPPPPPPPPPPPPPPPPPPPPPPPP
